\BOOKMARK [1][-]{section.1}{\376\377\137\025\212\000}{}% 1
\BOOKMARK [2][-]{subsection.1.1}{\376\377\116\316\060\014\147\072\126\150\123\321\163\260\060\015\122\060\060\014\147\072\126\150\123\357\227\140\140\047\060\015}{section.1}% 2
\BOOKMARK [2][-]{subsection.1.2}{\376\377\225\356\230\230\226\110\217\360}{section.1}% 3
\BOOKMARK [2][-]{subsection.1.3}{\376\377\147\054\145\207\215\041\163\056}{section.1}% 4
\BOOKMARK [2][-]{subsection.1.4}{\376\377\145\207\172\340\176\323\147\204}{section.1}% 5
\BOOKMARK [1][-]{section.2}{\376\377\166\370\121\163\135\345\117\134}{}% 6
\BOOKMARK [2][-]{subsection.2.1}{\376\377\165\037\142\020\137\017\143\250\164\006\116\016\135\345\121\167\130\236\137\072}{section.2}% 7
\BOOKMARK [2][-]{subsection.2.2}{\376\377\137\142\137\017\123\026\174\373\176\337\060\001\213\301\146\016\122\251\142\113\116\016\201\352\122\250\211\304\176\246}{section.2}% 8
\BOOKMARK [2][-]{subsection.2.3}{\376\377\232\214\213\301\126\150\060\001\201\352\176\240\225\031\217\271\165\114\116\016\213\304\117\060\136\246\221\317}{section.2}% 9
\BOOKMARK [2][-]{subsection.2.4}{\376\377\163\260\147\011\135\345\117\134\166\204\172\172\166\175\116\016\147\054\145\207\133\232\117\115}{section.2}% 10
\BOOKMARK [1][-]{section.3}{\376\377\145\271\154\325\150\106\147\266}{}% 11
\BOOKMARK [2][-]{subsection.3.1}{\376\377\116\011\134\102\123\357\227\140\140\047\152\041\127\213\147\266\147\204}{section.3}% 12
\BOOKMARK [2][-]{subsection.3.2}{\376\377\213\355\116\111\211\304\176\246\166\204\137\142\137\017\123\026\116\016\176\323\147\204\123\026\000\040\000I\000R}{section.3}% 13
\BOOKMARK [2][-]{subsection.3.3}{\376\377\213\355\116\111\211\304\176\246\164\366\230\210\120\107\213\364\116\016\213\357\135\356\122\006\211\343\133\232\164\006}{section.3}% 14
\BOOKMARK [2][-]{subsection.3.4}{\376\377\155\101\154\064\176\277\147\266\147\204\116\016\123\314\124\021\116\000\201\364\140\047\150\300\147\345}{section.3}% 15
\BOOKMARK [2][-]{subsection.3.5}{\376\377\213\304\117\060\123\117\213\256\116\016\136\246\221\317\117\123\174\373}{section.3}% 16
\BOOKMARK [1][-]{section.4}{\376\377\122\006\147\220\116\016\123\357\227\140\140\047\173\111\176\247}{}% 17
\BOOKMARK [2][-]{subsection.4.1}{\376\377\116\011\174\173\131\061\215\045\123\237\133\120\146\040\134\004}{section.4}% 18
\BOOKMARK [2][-]{subsection.4.2}{\376\377\126\333\176\247\123\357\227\140\140\047\173\111\176\247\117\123\174\373\377\010\000L\0000\040\023\000L\0003\377\011}{section.4}% 19
\BOOKMARK [2][-]{subsection.4.3}{\376\377\227\142\124\021\133\236\215\365\200\005\166\204\147\000\134\017\150\300\147\345\156\005\123\125\377\010\000P\000r\000a\000c\000t\000i\000t\000i\000o\000n\000e\000r\000'\000s\000\040\000C\000h\000e\000c\000k\000l\000i\000s\000t\377\011}{section.4}% 20
\BOOKMARK [1][-]{section.5}{\376\377\213\250\213\272\116\016\134\100\226\120}{}% 21
\BOOKMARK [1][-]{section.6}{\376\377\176\323\213\272}{}% 22
